I'm sorry, but errors were detected in your script. Please correct the
errors listed below, and try again.


File "game/scenes/day4.rpy", line 23: Line is indented, but the preceding say statement statement does not expect a block. Please check this line's indentation. You may have forgotten a colon (:).
    play sound "audio/sounds/advent sin.mp3"
    ^

Ren'Py Version: Ren'Py 8.3.2.24090902
Thu Dec 19 18:03:26 2024
